#
# There is insufficient memory for the Java Runtime Environment to continue.
# Native memory allocation (malloc) failed to allocate 32744 bytes. Error detail: Chunk::new
# Possible reasons:
#   The system is out of physical RAM or swap space
#   This process is running with CompressedOops enabled, and the Java Heap may be blocking the growth of the native heap
# Possible solutions:
#   Reduce memory load on the system
#   Increase physical memory or swap space
#   Check if swap backing store is full
#   Decrease Java heap size (-Xmx/-Xms)
#   Decrease number of Java threads
#   Decrease Java thread stack sizes (-Xss)
#   Set larger code cache with -XX:ReservedCodeCacheSize=
#   JVM is running with Zero Based Compressed Oops mode in which the Java heap is
#     placed in the first 32GB address space. The Java Heap base address is the
#     maximum limit for the native heap growth. Please use -XX:HeapBaseMinAddress
#     to set the Java Heap base and to place the Java Heap above 32GB virtual address.
# This output file may be truncated or incomplete.
#
#  Out of Memory Error (arena.cpp:168), pid=25680, tid=19448
#
# JRE version: OpenJDK Runtime Environment Temurin-21.0.12.1+1 (21.0.12.1+1) (build 21.0.12.1+1-LTS)
# Java VM: OpenJDK 64-Bit Server VM Temurin-21.0.12.1+1 (21.0.12.1+1-LTS, mixed mode, sharing, tiered, compressed oops, compressed class ptrs, g1 gc, windows-amd64)
# No core dump will be written. Minidumps are not enabled by default on client versions of Windows
#

---------------  S U M M A R Y ------------

Command Line: --add-opens=java.base/java.lang=ALL-UNNAMED --add-opens=java.base/java.lang.invoke=ALL-UNNAMED --add-opens=java.base/java.util=ALL-UNNAMED --add-opens=java.prefs/java.util.prefs=ALL-UNNAMED --add-exports=jdk.compiler/com.sun.tools.javac.api=ALL-UNNAMED --add-exports=jdk.compiler/com.sun.tools.javac.util=ALL-UNNAMED --add-opens=java.base/java.util=ALL-UNNAMED --add-opens=java.prefs/java.util.prefs=ALL-UNNAMED --add-opens=java.base/java.nio.charset=ALL-UNNAMED --add-opens=java.base/java.net=ALL-UNNAMED --add-opens=java.base/java.util.concurrent=ALL-UNNAMED --add-opens=java.base/java.util.concurrent.atomic=ALL-UNNAMED --add-opens=java.xml/javax.xml.namespace=ALL-UNNAMED --add-opens=java.base/java.time=ALL-UNNAMED -XX:MaxMetaspaceSize=4G -XX:ReservedCodeCacheSize=512m -XX:+HeapDumpOnOutOfMemoryError -Xmx8G -Dfile.encoding=UTF-8 -Duser.country=PE -Duser.language=es -Duser.variant -javaagent:C:\Users\JESUS\.gradle\wrapper\dists\gradle-9.3.1-all\9ot9r568e8zfvvd4mn8rbu1j0\gradle-9.3.1\lib\agents\gradle-instrumentation-agent-9.3.1.jar org.gradle.launcher.daemon.bootstrap.GradleDaemon 9.3.1

Host: AMD Ryzen 7 7730U with Radeon Graphics         , 16 cores, 15G,  Windows 11 , 64 bit Build 26100 (10.0.26100.9444)
Time: Thu Oct  8 12:26:39 2026 Hora est. Pacífico, Sudamérica elapsed time: 125.381152 seconds (0d 0h 2m 5s)

---------------  T H R E A D  ---------------

Current thread (0x0000020ccd570080):  JavaThread "C2 CompilerThread0" daemon [_thread_in_native, id=19448, stack(0x000000d935100000,0x000000d935200000) (1024K)]


Current CompileTask:
C2:125381 4373       4       javax.management.ObjectName::construct (1135 bytes)

Stack: [0x000000d935100000,0x000000d935200000]
Native frames: (J=compiled Java code, j=interpreted, Vv=VM code, C=native code)
V  [jvm.dll+0x6d83e9]
V  [jvm.dll+0x8b5736]
V  [jvm.dll+0x8b7cee]
V  [jvm.dll+0x8b83d3]
V  [jvm.dll+0x284596]
V  [jvm.dll+0xc685d]
V  [jvm.dll+0xc6da1]
V  [jvm.dll+0xc6985]
V  [jvm.dll+0x6b3338]
V  [jvm.dll+0x6b1cc6]
V  [jvm.dll+0x674cbb]
V  [jvm.dll+0x66dbfe]
V  [jvm.dll+0x39ca49]
V  [jvm.dll+0x3a4dc2]
V  [jvm.dll+0x6ed38d]
V  [jvm.dll+0x6ea9d8]
V  [jvm.dll+0x6ea069]
V  [jvm.dll+0x6e80ee]
V  [jvm.dll+0x1ce4fc]
V  [jvm.dll+0x2fa7dc]
V  [jvm.dll+0x6f2873]
V  [jvm.dll+0x6ea969]
V  [jvm.dll+0x6ea069]
V  [jvm.dll+0x6e80ee]
V  [jvm.dll+0x1ce4fc]
V  [jvm.dll+0x2fa7dc]
V  [jvm.dll+0x6f2873]
V  [jvm.dll+0x6ea969]
V  [jvm.dll+0x6ea069]
V  [jvm.dll+0x6e80ee]
V  [jvm.dll+0x1ce4fc]
V  [jvm.dll+0x2fa7dc]
V  [jvm.dll+0x6f2873]
V  [jvm.dll+0x6ea969]
V  [jvm.dll+0x6ea069]
V  [jvm.dll+0x6e80ee]
V  [jvm.dll+0x1ce4fc]
V  [jvm.dll+0x1cf09e]
V  [jvm.dll+0x2fa7dc]
V  [jvm.dll+0x6f2873]
V  [jvm.dll+0x6ea969]
V  [jvm.dll+0x6ea069]
V  [jvm.dll+0x6e80ee]
V  [jvm.dll+0x1ce4fc]
V  [jvm.dll+0x24b919]
V  [jvm.dll+0x1cb4ae]
V  [jvm.dll+0x25baad]
V  [jvm.dll+0x25a03a]
V  [jvm.dll+0x3f8aae]
V  [jvm.dll+0x8600cd]
V  [jvm.dll+0x6d6c1d]
C  [ucrtbase.dll+0x2cd30]
C  [KERNEL32.DLL+0x2cd87]
C  [ntdll.dll+0xacaec]


---------------  P R O C E S S  ---------------

Threads class SMR info:
_java_thread_list=0x0000020d147d8ca0, length=34, elements={
0x0000020c9c8110b0, 0x0000020cca772900, 0x0000020cca773560, 0x0000020cca77a0f0,
0x0000020cca77ab50, 0x0000020cca77b5b0, 0x0000020cca77c010, 0x0000020ccd570080,
0x0000020ccd587560, 0x0000020ccd796990, 0x0000020ccd769800, 0x0000020d13a81ff0,
0x0000020d13a3e750, 0x0000020d13143100, 0x0000020d13ba5710, 0x0000020d13143770,
0x0000020d146d5930, 0x0000020d1387cdd0, 0x0000020d1387d460, 0x0000020d1387eea0,
0x0000020d1387daf0, 0x0000020d1387e180, 0x0000020d1387e810, 0x0000020d1387f530,
0x0000020d1387c0b0, 0x0000020d1532b710, 0x0000020d15329cd0, 0x0000020d15329640,
0x0000020d15328290, 0x0000020d1532bda0, 0x0000020d15328920, 0x0000020d1532c430,
0x0000020d15328fb0, 0x0000020d1532d150
}

Java Threads: ( => current thread )
  0x0000020c9c8110b0 JavaThread "main"                              [_thread_blocked, id=23700, stack(0x000000d934300000,0x000000d934400000) (1024K)]
  0x0000020cca772900 JavaThread "Reference Handler"          daemon [_thread_blocked, id=20384, stack(0x000000d934b00000,0x000000d934c00000) (1024K)]
  0x0000020cca773560 JavaThread "Finalizer"                  daemon [_thread_blocked, id=3756, stack(0x000000d934c00000,0x000000d934d00000) (1024K)]
  0x0000020cca77a0f0 JavaThread "Signal Dispatcher"          daemon [_thread_blocked, id=9388, stack(0x000000d934d00000,0x000000d934e00000) (1024K)]
  0x0000020cca77ab50 JavaThread "Attach Listener"            daemon [_thread_blocked, id=14936, stack(0x000000d934e00000,0x000000d934f00000) (1024K)]
  0x0000020cca77b5b0 JavaThread "Service Thread"             daemon [_thread_blocked, id=27500, stack(0x000000d934f00000,0x000000d935000000) (1024K)]
  0x0000020cca77c010 JavaThread "Monitor Deflation Thread"   daemon [_thread_blocked, id=10180, stack(0x000000d935000000,0x000000d935100000) (1024K)]
=>0x0000020ccd570080 JavaThread "C2 CompilerThread0"         daemon [_thread_in_native, id=19448, stack(0x000000d935100000,0x000000d935200000) (1024K)]
  0x0000020ccd587560 JavaThread "C1 CompilerThread0"         daemon [_thread_blocked, id=39812, stack(0x000000d935200000,0x000000d935300000) (1024K)]
  0x0000020ccd796990 JavaThread "Common-Cleaner"             daemon [_thread_blocked, id=25892, stack(0x000000d935300000,0x000000d935400000) (1024K)]
  0x0000020ccd769800 JavaThread "Notification Thread"        daemon [_thread_blocked, id=27916, stack(0x000000d935400000,0x000000d935500000) (1024K)]
  0x0000020d13a81ff0 JavaThread "Daemon health stats"               [_thread_blocked, id=12796, stack(0x000000d935a00000,0x000000d935b00000) (1024K)]
  0x0000020d13a3e750 JavaThread "Incoming local TCP Connector on port 52221"        [_thread_in_native, id=35196, stack(0x000000d935b00000,0x000000d935c00000) (1024K)]
  0x0000020d13143100 JavaThread "Daemon periodic checks"            [_thread_blocked, id=17184, stack(0x000000d935e00000,0x000000d935f00000) (1024K)]
  0x0000020d13ba5710 JavaThread "Daemon"                            [_thread_blocked, id=16100, stack(0x000000d935c00000,0x000000d935d00000) (1024K)]
  0x0000020d13143770 JavaThread "Handler for socket connection from /127.0.0.1:52221 to /127.0.0.1:65383"        [_thread_in_native, id=26960, stack(0x000000d935d00000,0x000000d935e00000) (1024K)]
  0x0000020d146d5930 JavaThread "Cancel handler"                    [_thread_blocked, id=43240, stack(0x000000d936000000,0x000000d936100000) (1024K)]
  0x0000020d1387cdd0 JavaThread "Daemon worker"                     [_thread_blocked, id=34032, stack(0x000000d935f00000,0x000000d936000000) (1024K)]
  0x0000020d1387d460 JavaThread "Asynchronous log dispatcher for DefaultDaemonConnection: socket connection from /127.0.0.1:52221 to /127.0.0.1:65383"        [_thread_blocked, id=21700, stack(0x000000d936100000,0x000000d936200000) (1024K)]
  0x0000020d1387eea0 JavaThread "Stdin handler"                     [_thread_blocked, id=21156, stack(0x000000d936200000,0x000000d936300000) (1024K)]
  0x0000020d1387daf0 JavaThread "Daemon client event forwarder"        [_thread_blocked, id=32572, stack(0x000000d936300000,0x000000d936400000) (1024K)]
  0x0000020d1387e180 JavaThread "Cache worker for journal cache (C:\Users\JESUS\.gradle\caches\journal-1)"        [_thread_blocked, id=46116, stack(0x000000d936400000,0x000000d936500000) (1024K)]
  0x0000020d1387e810 JavaThread "File lock request listener"        [_thread_in_native, id=8048, stack(0x000000d936500000,0x000000d936600000) (1024K)]
  0x0000020d1387f530 JavaThread "File lock release action executor"        [_thread_blocked, id=44580, stack(0x000000d936600000,0x000000d936700000) (1024K)]
  0x0000020d1387c0b0 JavaThread "Cache worker for file hash cache (C:\Users\JESUS\.gradle\caches\9.3.1\fileHashes)"        [_thread_blocked, id=18372, stack(0x000000d936700000,0x000000d936800000) (1024K)]
  0x0000020d1532b710 JavaThread "Cache worker for file hash cache (C:\Users\JESUS\Downloads\citamed_historial_clinico\citamed\flutter\android\.gradle\9.3.1\fileHashes)"        [_thread_blocked, id=20580, stack(0x000000d937000000,0x000000d937100000) (1024K)]
  0x0000020d15329cd0 JavaThread "Cache worker for Build Output Cleanup Cache (C:\Users\JESUS\Downloads\citamed_historial_clinico\citamed\flutter\android\.gradle\buildOutputCleanup)"        [_thread_blocked, id=19604, stack(0x000000d937100000,0x000000d937200000) (1024K)]
  0x0000020d15329640 JavaThread "File watcher server"        daemon [_thread_in_native, id=23072, stack(0x000000d936f00000,0x000000d937000000) (1024K)]
  0x0000020d15328290 JavaThread "File watcher consumer"      daemon [_thread_blocked, id=31420, stack(0x000000d937200000,0x000000d937300000) (1024K)]
  0x0000020d1532bda0 JavaThread "Cache worker for checksums cache (C:\Users\JESUS\Downloads\citamed_historial_clinico\citamed\flutter\android\.gradle\9.3.1\checksums)"        [_thread_blocked, id=484, stack(0x000000d937300000,0x000000d937400000) (1024K)]
  0x0000020d15328920 JavaThread "Cache worker for file content cache (C:\Users\JESUS\.gradle\caches\9.3.1\fileContent)"        [_thread_blocked, id=23168, stack(0x000000d937400000,0x000000d937500000) (1024K)]
  0x0000020d1532c430 JavaThread "Cache worker for cache directory md-supplier (C:\Users\JESUS\.gradle\caches\9.3.1\md-supplier)"        [_thread_blocked, id=39832, stack(0x000000d937500000,0x000000d937600000) (1024K)]
  0x0000020d15328fb0 JavaThread "Cache worker for cache directory md-rule (C:\Users\JESUS\.gradle\caches\9.3.1\md-rule)"        [_thread_blocked, id=38148, stack(0x000000d937600000,0x000000d937700000) (1024K)]
  0x0000020d1532d150 JavaThread "jar transforms"                    [_thread_blocked, id=43748, stack(0x000000d937700000,0x000000d937800000) (1024K)]
Total: 34

Other Threads:
  0x0000020cca757430 VMThread "VM Thread"                           [id=31572, stack(0x000000d934a00000,0x000000d934b00000) (1024K)]
  0x0000020cca74a160 WatcherThread "VM Periodic Task Thread"        [id=4552, stack(0x000000d934900000,0x000000d934a00000) (1024K)]
  0x0000020c9c8bc060 WorkerThread "GC Thread#0"                     [id=43460, stack(0x000000d934400000,0x000000d934500000) (1024K)]
  0x0000020ccd9145b0 WorkerThread "GC Thread#1"                     [id=40104, stack(0x000000d935500000,0x000000d935600000) (1024K)]
  0x0000020ccd914960 WorkerThread "GC Thread#2"                     [id=49996, stack(0x000000d935600000,0x000000d935700000) (1024K)]
  0x0000020ccd8444a0 WorkerThread "GC Thread#3"                     [id=38992, stack(0x000000d935700000,0x000000d935800000) (1024K)]
  0x0000020ccd844850 WorkerThread "GC Thread#4"                     [id=48960, stack(0x000000d935800000,0x000000d935900000) (1024K)]
  0x0000020d1629f660 WorkerThread "GC Thread#5"                     [id=14372, stack(0x000000d934100000,0x000000d934200000) (1024K)]
  0x0000020d1629fdc0 WorkerThread "GC Thread#6"                     [id=18732, stack(0x000000d934200000,0x000000d934300000) (1024K)]
  0x0000020d1629fa10 WorkerThread "GC Thread#7"                     [id=50224, stack(0x000000d935900000,0x000000d935a00000) (1024K)]
  0x0000020d1629eb50 WorkerThread "GC Thread#8"                     [id=37952, stack(0x000000d936800000,0x000000d936900000) (1024K)]
  0x0000020d1629e7a0 WorkerThread "GC Thread#9"                     [id=45488, stack(0x000000d936900000,0x000000d936a00000) (1024K)]
  0x0000020d146b3d40 WorkerThread "GC Thread#10"                    [id=22892, stack(0x000000d936a00000,0x000000d936b00000) (1024K)]
  0x0000020d146b40f0 WorkerThread "GC Thread#11"                    [id=26456, stack(0x000000d936b00000,0x000000d936c00000) (1024K)]
  0x0000020d146b1fc0 WorkerThread "GC Thread#12"                    [id=9284, stack(0x000000d936c00000,0x000000d936d00000) (1024K)]
  0x0000020c9c8cdf70 ConcurrentGCThread "G1 Main Marker"            [id=19980, stack(0x000000d934500000,0x000000d934600000) (1024K)]
  0x0000020c9c8ce990 WorkerThread "G1 Conc#0"                       [id=9892, stack(0x000000d934600000,0x000000d934700000) (1024K)]
  0x0000020d146b3230 WorkerThread "G1 Conc#1"                       [id=21200, stack(0x000000d936d00000,0x000000d936e00000) (1024K)]
  0x0000020d146b44a0 WorkerThread "G1 Conc#2"                       [id=3488, stack(0x000000d936e00000,0x000000d936f00000) (1024K)]
  0x0000020cca60fbc0 ConcurrentGCThread "G1 Refine#0"               [id=10808, stack(0x000000d934700000,0x000000d934800000) (1024K)]
  0x0000020cca610650 ConcurrentGCThread "G1 Service"                [id=31784, stack(0x000000d934800000,0x000000d934900000) (1024K)]
Total: 21

Threads with active compile tasks:
C2 CompilerThread0  125639 4373       4       javax.management.ObjectName::construct (1135 bytes)
Total: 1

VM state: not at safepoint (normal execution)

VM Mutex/Monitor currently owned by a thread: None

Heap address: 0x0000000600000000, size: 8192 MB, Compressed Oops mode: Zero based, Oop shift amount: 3

CDS archive(s) mapped at: [0x0000020cce000000-0x0000020cceba0000-0x0000020cceba0000), size 12189696, SharedBaseAddress: 0x0000020cce000000, ArchiveRelocationMode: 1.
Compressed class space mapped at: 0x0000020ccf000000-0x0000020d0f000000, reserved size: 1073741824
Narrow klass base: 0x0000020cce000000, Narrow klass shift: 0, Narrow klass range: 0x100000000

GC Precious Log:
 CardTable entry size: 512
 Card Set container configuration: InlinePtr #cards 4 size 8 Array Of Cards #cards 32 size 80 Howl #buckets 8 coarsen threshold 7372 Howl Bitmap #cards 1024 size 144 coarsen threshold 921 Card regions per heap region 1 cards per card region 8192
 CPUs: 16 total, 16 available
 Memory: 15711M
 Large Page Support: Disabled
 NUMA Support: Disabled
 Compressed Oops: Enabled (Zero based)
 Heap Region Size: 4M
 Heap Min Capacity: 8M
 Heap Initial Capacity: 248M
 Heap Max Capacity: 8G
 Pre-touch: Disabled
 Parallel Workers: 13
 Concurrent Workers: 3
 Concurrent Refinement Workers: 13
 Periodic GC: Disabled

Heap:
 garbage-first heap   total 106496K, used 60429K [0x0000000600000000, 0x0000000800000000)
  region size 4096K, 11 young (45056K), 2 survivors (8192K)
 Metaspace       used 32886K, committed 34240K, reserved 1114112K
  class space    used 4857K, committed 5504K, reserved 1048576K

Heap Regions: E=young(eden), S=young(survivor), O=old, HS=humongous(starts), HC=humongous(continues), CS=collection set, F=free, TAMS=top-at-mark-start, PB=parsable bottom
|   0|0x0000000600000000, 0x0000000600400000, 0x0000000600400000|100%|HS|  |TAMS 0x0000000600000000| PB 0x0000000600000000| Complete 
|   1|0x0000000600400000, 0x0000000600800000, 0x0000000600800000|100%| O|  |TAMS 0x0000000600400000| PB 0x0000000600400000| Untracked 
|   2|0x0000000600800000, 0x0000000600c00000, 0x0000000600c00000|100%| O|  |TAMS 0x0000000600800000| PB 0x0000000600800000| Untracked 
|   3|0x0000000600c00000, 0x0000000601000000, 0x0000000601000000|100%| O|  |TAMS 0x0000000600c00000| PB 0x0000000600c00000| Untracked 
|   4|0x0000000601000000, 0x0000000601400000, 0x0000000601400000|100%| O|  |TAMS 0x0000000601000000| PB 0x0000000601000000| Untracked 
|   5|0x0000000601400000, 0x000000060166b5c8, 0x0000000601800000| 60%| O|Cm|TAMS 0x0000000601400000| PB 0x0000000601400000| Complete 
|   6|0x0000000601800000, 0x0000000601800000, 0x0000000601c00000|  0%| F|  |TAMS 0x0000000601800000| PB 0x0000000601800000| Untracked 
|   7|0x0000000601c00000, 0x0000000601c00000, 0x0000000602000000|  0%| F|  |TAMS 0x0000000601c00000| PB 0x0000000601c00000| Untracked 
|   8|0x0000000602000000, 0x0000000602000000, 0x0000000602400000|  0%| F|  |TAMS 0x0000000602000000| PB 0x0000000602000000| Untracked 
|   9|0x0000000602400000, 0x0000000602400000, 0x0000000602800000|  0%| F|  |TAMS 0x0000000602400000| PB 0x0000000602400000| Untracked 
|  10|0x0000000602800000, 0x0000000602800000, 0x0000000602c00000|  0%| F|  |TAMS 0x0000000602800000| PB 0x0000000602800000| Untracked 
|  11|0x0000000602c00000, 0x0000000602c00000, 0x0000000603000000|  0%| F|  |TAMS 0x0000000602c00000| PB 0x0000000602c00000| Untracked 
|  12|0x0000000603000000, 0x0000000603000000, 0x0000000603400000|  0%| F|  |TAMS 0x0000000603000000| PB 0x0000000603000000| Untracked 
|  13|0x0000000603400000, 0x0000000603400000, 0x0000000603800000|  0%| F|  |TAMS 0x0000000603400000| PB 0x0000000603400000| Untracked 
|  14|0x0000000603800000, 0x0000000603800000, 0x0000000603c00000|  0%| F|  |TAMS 0x0000000603800000| PB 0x0000000603800000| Untracked 
|  15|0x0000000603c00000, 0x0000000603d95ba0, 0x0000000604000000| 39%| E|  |TAMS 0x0000000603c00000| PB 0x0000000603c00000| Complete 
|  16|0x0000000604000000, 0x0000000604400000, 0x0000000604400000|100%| E|CS|TAMS 0x0000000604000000| PB 0x0000000604000000| Complete 
|  17|0x0000000604400000, 0x0000000604800000, 0x0000000604800000|100%| E|CS|TAMS 0x0000000604400000| PB 0x0000000604400000| Complete 
|  18|0x0000000604800000, 0x0000000604c00000, 0x0000000604c00000|100%| E|CS|TAMS 0x0000000604800000| PB 0x0000000604800000| Complete 
|  19|0x0000000604c00000, 0x0000000605000000, 0x0000000605000000|100%| E|CS|TAMS 0x0000000604c00000| PB 0x0000000604c00000| Complete 
|  20|0x0000000605000000, 0x0000000605400000, 0x0000000605400000|100%| E|CS|TAMS 0x0000000605000000| PB 0x0000000605000000| Complete 
|  21|0x0000000605400000, 0x0000000605800000, 0x0000000605800000|100%| E|CS|TAMS 0x0000000605400000| PB 0x0000000605400000| Complete 
|  22|0x0000000605800000, 0x0000000605c00000, 0x0000000605c00000|100%| S|CS|TAMS 0x0000000605800000| PB 0x0000000605800000| Complete 
|  23|0x0000000605c00000, 0x0000000605c981d0, 0x0000000606000000| 14%| S|CS|TAMS 0x0000000605c00000| PB 0x0000000605c00000| Complete 
|  58|0x000000060e800000, 0x000000060ec00000, 0x000000060ec00000|100%| E|CS|TAMS 0x000000060e800000| PB 0x000000060e800000| Complete 
|  61|0x000000060f400000, 0x000000060f800000, 0x000000060f800000|100%| E|CS|TAMS 0x000000060f400000| PB 0x000000060f400000| Complete 

Card table byte_map: [0x0000020cc14b0000,0x0000020cc24b0000] _byte_map_base: 0x0000020cbe4b0000

Marking Bits: (CMBitMap*) 0x0000020c9c8bc680
 Bits: [0x0000020cc24b0000, 0x0000020cca4b0000)

Polling page: 0x0000020c9bfd0000

Metaspace:

Usage:
  Non-class:     27.37 MB used.
      Class:      4.74 MB used.
       Both:     32.12 MB used.

Virtual space:
  Non-class space:       64.00 MB reserved,      28.06 MB ( 44%) committed,  1 nodes.
      Class space:        1.00 GB reserved,       5.38 MB ( <1%) committed,  1 nodes.
             Both:        1.06 GB reserved,      33.44 MB (  3%) committed. 

Chunk freelists:
   Non-Class:  3.58 MB
       Class:  10.67 MB
        Both:  14.25 MB

MaxMetaspaceSize: 4.00 GB
CompressedClassSpaceSize: 1.00 GB
Initial GC threshold: 21.00 MB
Current GC threshold: 35.12 MB
CDS: on
 - commit_granule_bytes: 65536.
 - commit_granule_words: 8192.
 - virtual_space_node_default_size: 8388608.
 - enlarge_chunks_in_place: 1.
 - use_allocation_guard: 0.


Internal statistics:

num_allocs_failed_limit: 3.
num_arena_births: 2306.
num_arena_deaths: 0.
num_vsnodes_births: 2.
num_vsnodes_deaths: 0.
num_space_committed: 535.
num_space_uncommitted: 0.
num_chunks_returned_to_freelist: 3.
num_chunks_taken_from_freelist: 3912.
num_chunk_merges: 3.
num_chunk_splits: 2515.
num_chunks_enlarged: 1512.
num_inconsistent_stats: 0.

CodeHeap 'non-profiled nmethods': size=258432Kb used=2365Kb max_used=2365Kb free=256066Kb
 bounds [0x0000020cafdb0000, 0x0000020cb0020000, 0x0000020cbfa10000]
CodeHeap 'profiled nmethods': size=258368Kb used=8681Kb max_used=8681Kb free=249686Kb
 bounds [0x0000020c9fa10000, 0x0000020ca0290000, 0x0000020caf660000]
CodeHeap 'non-nmethods': size=7488Kb used=1450Kb max_used=3057Kb free=6037Kb
 bounds [0x0000020caf660000, 0x0000020caf960000, 0x0000020cafdb0000]
CodeCache: size=524288Kb, used=12496Kb, max_used=14103Kb, free=511789Kb
 total_blobs=4956, nmethods=4354, adapters=506, full_count=0
Compilation: enabled, stopped_count=0, restarted_count=0

Compilation events (20 events):
Event: 114.051 Thread 0x0000020ccd587560 nmethod 4362 0x0000020ca0286b10 code [0x0000020ca0286d40, 0x0000020ca0287348]
Event: 114.451 Thread 0x0000020ccd570080 4363       4       java.lang.Thread::interrupted (7 bytes)
Event: 114.452 Thread 0x0000020ccd570080 nmethod 4363 0x0000020cafff0290 code [0x0000020cafff0420, 0x0000020cafff04b8]
Event: 115.459 Thread 0x0000020ccd587560 4364       3       java.util.stream.ReferencePipeline$2::opWrapSink (10 bytes)
Event: 115.460 Thread 0x0000020ccd587560 nmethod 4364 0x0000020ca0287610 code [0x0000020ca0287800, 0x0000020ca0287db8]
Event: 115.460 Thread 0x0000020ccd587560 4365       3       java.util.stream.ReferencePipeline$2$1::<init> (11 bytes)
Event: 115.461 Thread 0x0000020ccd587560 nmethod 4365 0x0000020ca0287f90 code [0x0000020ca0288180, 0x0000020ca0288678]
Event: 115.461 Thread 0x0000020ccd587560 4366       3       java.util.stream.ReferencePipeline$2$1::begin (13 bytes)
Event: 115.461 Thread 0x0000020ccd587560 nmethod 4366 0x0000020ca0288810 code [0x0000020ca02889c0, 0x0000020ca0288ba8]
Event: 116.458 Thread 0x0000020ccd587560 4367       3       java.util.concurrent.TimeUnit::convert (73 bytes)
Event: 116.458 Thread 0x0000020ccd587560 nmethod 4367 0x0000020ca0288c90 code [0x0000020ca0288ea0, 0x0000020ca0289238]
Event: 119.806 Thread 0x0000020ccd570080 4368       4       java.util.concurrent.TimeUnit::toNanos (45 bytes)
Event: 119.807 Thread 0x0000020ccd570080 nmethod 4368 0x0000020cafff0590 code [0x0000020cafff0720, 0x0000020cafff0818]
Event: 121.602 Thread 0x0000020ccd587560 4369       1       org.gradle.internal.concurrent.AbstractManagedExecutor::access$100 (5 bytes)
Event: 121.602 Thread 0x0000020ccd587560 nmethod 4369 0x0000020cafff0910 code [0x0000020cafff0aa0, 0x0000020cafff0b50]
Event: 122.292 Thread 0x0000020ccd587560 4370       3       java.io.BufferedInputStream::<init> (68 bytes)
Event: 122.308 Thread 0x0000020ccd587560 nmethod 4370 0x0000020ca0289410 code [0x0000020ca0289660, 0x0000020ca028a230]
Event: 122.465 Thread 0x0000020ccd570080 4371       4       org.gradle.launcher.daemon.context.DefaultDaemonContext$Serializer::read (229 bytes)
Event: 123.255 Thread 0x0000020ccd570080 nmethod 4371 0x0000020cafff0c10 code [0x0000020cafff15e0, 0x0000020cafff9e20]
Event: 125.335 Thread 0x0000020ccd570080 4373       4       javax.management.ObjectName::construct (1135 bytes)

GC Heap History (10 events):
Event: 7.038 GC heap before
{Heap before GC invocations=0 (full 0):
 garbage-first heap   total 253952K, used 20480K [0x0000000600000000, 0x0000000800000000)
  region size 4096K, 5 young (20480K), 0 survivors (0K)
 Metaspace       used 869K, committed 1024K, reserved 1114112K
  class space    used 70K, committed 128K, reserved 1048576K
}
Event: 7.065 GC heap after
{Heap after GC invocations=1 (full 0):
 garbage-first heap   total 253952K, used 1540K [0x0000000600000000, 0x0000000800000000)
  region size 4096K, 1 young (4096K), 1 survivors (4096K)
 Metaspace       used 869K, committed 1024K, reserved 1114112K
  class space    used 70K, committed 128K, reserved 1048576K
}
Event: 15.200 GC heap before
{Heap before GC invocations=1 (full 0):
 garbage-first heap   total 253952K, used 42500K [0x0000000600000000, 0x0000000800000000)
  region size 4096K, 11 young (45056K), 1 survivors (4096K)
 Metaspace       used 4626K, committed 4864K, reserved 1114112K
  class space    used 584K, committed 704K, reserved 1048576K
}
Event: 15.210 GC heap after
{Heap after GC invocations=2 (full 0):
 garbage-first heap   total 253952K, used 11733K [0x0000000600000000, 0x0000000800000000)
  region size 4096K, 2 young (8192K), 2 survivors (8192K)
 Metaspace       used 4626K, committed 4864K, reserved 1114112K
  class space    used 584K, committed 704K, reserved 1048576K
}
Event: 92.635 GC heap before
{Heap before GC invocations=2 (full 0):
 garbage-first heap   total 253952K, used 150997K [0x0000000600000000, 0x0000000800000000)
  region size 4096K, 37 young (151552K), 2 survivors (8192K)
 Metaspace       used 19692K, committed 20224K, reserved 1114112K
  class space    used 2641K, committed 2880K, reserved 1048576K
}
Event: 94.042 GC heap after
{Heap after GC invocations=3 (full 0):
 garbage-first heap   total 253952K, used 22937K [0x0000000600000000, 0x0000000800000000)
  region size 4096K, 5 young (20480K), 5 survivors (20480K)
 Metaspace       used 19692K, committed 20224K, reserved 1114112K
  class space    used 2641K, committed 2880K, reserved 1048576K
}
Event: 94.593 GC heap before
{Heap before GC invocations=3 (full 0):
 garbage-first heap   total 253952K, used 31129K [0x0000000600000000, 0x0000000800000000)
  region size 4096K, 8 young (32768K), 5 survivors (20480K)
 Metaspace       used 20883K, committed 21504K, reserved 1114112K
  class space    used 2840K, committed 3136K, reserved 1048576K
}
Event: 94.616 GC heap after
{Heap after GC invocations=4 (full 0):
 garbage-first heap   total 253952K, used 24999K [0x0000000600000000, 0x0000000800000000)
  region size 4096K, 1 young (4096K), 1 survivors (4096K)
 Metaspace       used 20883K, committed 21504K, reserved 1114112K
  class space    used 2840K, committed 3136K, reserved 1048576K
}
Event: 101.853 GC heap before
{Heap before GC invocations=5 (full 0):
 garbage-first heap   total 98304K, used 90535K [0x0000000600000000, 0x0000000800000000)
  region size 4096K, 18 young (73728K), 1 survivors (4096K)
 Metaspace       used 29402K, committed 30528K, reserved 1114112K
  class space    used 4252K, committed 4800K, reserved 1048576K
}
Event: 101.860 GC heap after
{Heap after GC invocations=6 (full 0):
 garbage-first heap   total 106496K, used 27661K [0x0000000600000000, 0x0000000800000000)
  region size 4096K, 2 young (8192K), 2 survivors (8192K)
 Metaspace       used 29402K, committed 30528K, reserved 1114112K
  class space    used 4252K, committed 4800K, reserved 1048576K
}

Dll operation events (20 events):
Event: 2.144 Attempting to load shared library C:\Users\JESUS\.vscode\extensions\redhat.java-1.56.0-win32-x64\jre\21.0.12.1-win32-x86_64\bin\nio.dll
Event: 2.144 Loaded shared library C:\Users\JESUS\.vscode\extensions\redhat.java-1.56.0-win32-x64\jre\21.0.12.1-win32-x86_64\bin\nio.dll
Event: 2.154 Attempting to load shared library C:\Users\JESUS\.vscode\extensions\redhat.java-1.56.0-win32-x64\jre\21.0.12.1-win32-x86_64\bin\zip.dll
Event: 2.154 Loaded shared library C:\Users\JESUS\.vscode\extensions\redhat.java-1.56.0-win32-x64\jre\21.0.12.1-win32-x86_64\bin\zip.dll
Event: 8.230 Attempting to load shared library C:\Users\JESUS\.vscode\extensions\redhat.java-1.56.0-win32-x64\jre\21.0.12.1-win32-x86_64\bin\jimage.dll
Event: 8.230 Loaded shared library C:\Users\JESUS\.vscode\extensions\redhat.java-1.56.0-win32-x64\jre\21.0.12.1-win32-x86_64\bin\jimage.dll
Event: 10.346 Attempting to load shared library C:\Users\JESUS\.vscode\extensions\redhat.java-1.56.0-win32-x64\jre\21.0.12.1-win32-x86_64\bin\verify.dll
Event: 10.352 Loaded shared library C:\Users\JESUS\.vscode\extensions\redhat.java-1.56.0-win32-x64\jre\21.0.12.1-win32-x86_64\bin\verify.dll
Event: 10.603 Attempting to load shared library C:\Users\JESUS\.gradle\native\660c5614fbf4a5f2a75b1949f50a0caf5cd603558e7d8a26e50b933a0cfb79d1\windows-amd64\native-platform.dll
Event: 10.614 Loaded shared library C:\Users\JESUS\.gradle\native\660c5614fbf4a5f2a75b1949f50a0caf5cd603558e7d8a26e50b933a0cfb79d1\windows-amd64\native-platform.dll
Event: 10.664 Attempting to load shared library C:\Users\JESUS\.gradle\native\0.2.8\x86_64-windows-gnu\gradle-fileevents.dll
Event: 10.666 Loaded shared library C:\Users\JESUS\.gradle\native\0.2.8\x86_64-windows-gnu\gradle-fileevents.dll
Event: 27.236 Attempting to load shared library C:\Users\JESUS\.vscode\extensions\redhat.java-1.56.0-win32-x64\jre\21.0.12.1-win32-x86_64\bin\management.dll
Event: 27.249 Loaded shared library C:\Users\JESUS\.vscode\extensions\redhat.java-1.56.0-win32-x64\jre\21.0.12.1-win32-x86_64\bin\management.dll
Event: 27.266 Attempting to load shared library C:\Users\JESUS\.vscode\extensions\redhat.java-1.56.0-win32-x64\jre\21.0.12.1-win32-x86_64\bin\management_ext.dll
Event: 27.275 Loaded shared library C:\Users\JESUS\.vscode\extensions\redhat.java-1.56.0-win32-x64\jre\21.0.12.1-win32-x86_64\bin\management_ext.dll
Event: 34.518 Attempting to load shared library C:\Users\JESUS\.vscode\extensions\redhat.java-1.56.0-win32-x64\jre\21.0.12.1-win32-x86_64\bin\extnet.dll
Event: 34.519 Loaded shared library C:\Users\JESUS\.vscode\extensions\redhat.java-1.56.0-win32-x64\jre\21.0.12.1-win32-x86_64\bin\extnet.dll
Event: 43.130 Attempting to load shared library C:\Users\JESUS\.vscode\extensions\redhat.java-1.56.0-win32-x64\jre\21.0.12.1-win32-x86_64\bin\sunmscapi.dll
Event: 43.140 Loaded shared library C:\Users\JESUS\.vscode\extensions\redhat.java-1.56.0-win32-x64\jre\21.0.12.1-win32-x86_64\bin\sunmscapi.dll

Deoptimization events (20 events):
Event: 109.605 Thread 0x0000020d1387e180 Uncommon trap: trap_request=0xffffff45 fr.pc=0x0000020caff18590 relative=0x0000000000000410
Event: 109.605 Thread 0x0000020d1387e180 Uncommon trap: reason=unstable_if action=reinterpret pc=0x0000020caff18590 method=java.io.BufferedInputStream.read([BII)I @ 4 c2
Event: 109.605 Thread 0x0000020d1387e180 DEOPT PACKING pc=0x0000020caff18590 sp=0x000000d9364fe1c0
Event: 109.605 Thread 0x0000020d1387e180 DEOPT UNPACKING pc=0x0000020caf6b4422 sp=0x000000d9364fe178 mode 2
Event: 109.605 Thread 0x0000020d1387e180 Uncommon trap: trap_request=0xffffffc6 fr.pc=0x0000020caff16e24 relative=0x0000000000000944
Event: 109.605 Thread 0x0000020d1387e180 Uncommon trap: reason=bimorphic_or_optimized_type_check action=maybe_recompile pc=0x0000020caff16e24 method=java.io.DataInputStream.readFully([BII)V @ 30 c2
Event: 109.605 Thread 0x0000020d1387e180 DEOPT PACKING pc=0x0000020caff16e24 sp=0x000000d9364fe230
Event: 109.605 Thread 0x0000020d1387e180 DEOPT UNPACKING pc=0x0000020caf6b4422 sp=0x000000d9364fe1e8 mode 2
Event: 109.605 Thread 0x0000020d1387e180 Uncommon trap: trap_request=0xffffffc6 fr.pc=0x0000020caff16e24 relative=0x0000000000000944
Event: 109.605 Thread 0x0000020d1387e180 Uncommon trap: reason=bimorphic_or_optimized_type_check action=maybe_recompile pc=0x0000020caff16e24 method=java.io.DataInputStream.readFully([BII)V @ 30 c2
Event: 109.605 Thread 0x0000020d1387e180 DEOPT PACKING pc=0x0000020caff16e24 sp=0x000000d9364fe230
Event: 109.605 Thread 0x0000020d1387e180 DEOPT UNPACKING pc=0x0000020caf6b4422 sp=0x000000d9364fe1e8 mode 2
Event: 109.605 Thread 0x0000020d1387e180 Uncommon trap: trap_request=0xffffffc6 fr.pc=0x0000020caff16e24 relative=0x0000000000000944
Event: 109.605 Thread 0x0000020d1387e180 Uncommon trap: reason=bimorphic_or_optimized_type_check action=maybe_recompile pc=0x0000020caff16e24 method=java.io.DataInputStream.readFully([BII)V @ 30 c2
Event: 109.605 Thread 0x0000020d1387e180 DEOPT PACKING pc=0x0000020caff16e24 sp=0x000000d9364fe240
Event: 109.605 Thread 0x0000020d1387e180 DEOPT UNPACKING pc=0x0000020caf6b4422 sp=0x000000d9364fe1f8 mode 2
Event: 109.777 Thread 0x0000020d1387e180 Uncommon trap: trap_request=0xffffff45 fr.pc=0x0000020caff245b8 relative=0x00000000000007d8
Event: 109.777 Thread 0x0000020d1387e180 Uncommon trap: reason=unstable_if action=reinterpret pc=0x0000020caff245b8 method=java.io.BufferedOutputStream.write([BII)V @ 4 c2
Event: 109.777 Thread 0x0000020d1387e180 DEOPT PACKING pc=0x0000020caff245b8 sp=0x000000d9364fe5d0
Event: 109.777 Thread 0x0000020d1387e180 DEOPT UNPACKING pc=0x0000020caf6b4422 sp=0x000000d9364fe5a0 mode 2

Classes loaded (20 events):
Event: 109.547 Loading class java/nio/file/FileTreeWalker$DirectoryNode
Event: 109.547 Loading class java/nio/file/FileTreeWalker$DirectoryNode done
Event: 109.547 Loading class java/nio/file/FileTreeWalker$Event
Event: 109.547 Loading class java/nio/file/FileTreeWalker$Event done
Event: 109.547 Loading class java/nio/file/FileTreeWalker$EventType
Event: 109.548 Loading class java/nio/file/FileTreeWalker$EventType done
Event: 109.548 Loading class java/nio/file/Files$3
Event: 109.548 Loading class java/nio/file/Files$3 done
Event: 109.551 Loading class java/nio/file/FileVisitResult
Event: 109.551 Loading class java/nio/file/FileVisitResult done
Event: 109.774 Loading class java/nio/charset/CharacterCodingException
Event: 109.775 Loading class java/nio/charset/CharacterCodingException done
Event: 110.244 Loading class java/util/stream/IntStream
Event: 110.245 Loading class java/util/stream/IntStream done
Event: 110.245 Loading class java/util/stream/Streams$RangeIntSpliterator
Event: 110.247 Loading class java/util/stream/Streams$RangeIntSpliterator done
Event: 110.247 Loading class java/util/stream/IntPipeline$Head
Event: 110.247 Loading class java/util/stream/IntPipeline
Event: 110.248 Loading class java/util/stream/IntPipeline done
Event: 110.248 Loading class java/util/stream/IntPipeline$Head done

Classes unloaded (0 events):
No events

Classes redefined (0 events):
No events

Internal exceptions (20 events):
Event: 103.694 Thread 0x0000020d1387cdd0 Exception <a 'java/lang/NoSuchMethodError'{0x0000000605787fd8}: 'java.lang.Object java.lang.invoke.DirectMethodHandle$Holder.newInvokeSpecial(java.lang.Object, java.lang.Object, java.lang.Object, java.lang.Object, java.lang.Object, java.lang.Object, java.lang.Object, java.lang.Object, java.lang.Object, java.lang.Object, java.lang.Object, java.lang.Object, java.lang.Object, java.lang.Object, java.lang.Object)'> (0x0000000605787fd8) 
thrown [s\src\hotspot\share\interpreter\linkResolver.cpp, line 773]
Event: 103.695 Thread 0x0000020d1387cdd0 Exception <a 'java/lang/NoSuchMethodError'{0x000000060578e108}: 'java.lang.Object java.lang.invoke.DirectMethodHandle$Holder.invokeSpecial(java.lang.Object, java.lang.Object, java.lang.Object, java.lang.Object, java.lang.Object, java.lang.Object, java.lang.Object, java.lang.Object, java.lang.Object, java.lang.Object, java.lang.Object, java.lang.Object, java.lang.Object, java.lang.Object, java.lang.Object, java.lang.Object)'> (0x000000060578e108) 
thrown [s\src\hotspot\share\interpreter\linkResolver.cpp, li
Event: 103.696 Thread 0x0000020d1387cdd0 Exception <a 'java/lang/NoSuchMethodError'{0x0000000605793388}: 'java.lang.Object java.lang.invoke.DelegatingMethodHandle$Holder.reinvoke_L(java.lang.Object, java.lang.Object, java.lang.Object, java.lang.Object, java.lang.Object, java.lang.Object, java.lang.Object, java.lang.Object, java.lang.Object, java.lang.Object, java.lang.Object, java.lang.Object, java.lang.Object, java.lang.Object, java.lang.Object)'> (0x0000000605793388) 
thrown [s\src\hotspot\share\interpreter\linkResolver.cpp, line 773]
Event: 104.076 Thread 0x0000020d1387cdd0 Exception <a 'java/lang/NoSuchMethodError'{0x0000000604db79c8}: 'java.lang.Object java.lang.invoke.DelegatingMethodHandle$Holder.reinvoke_L(java.lang.Object, java.lang.Object, java.lang.Object, java.lang.Object, java.lang.Object, java.lang.Object, java.lang.Object, java.lang.Object, java.lang.Object, java.lang.Object, java.lang.Object, java.lang.Object, java.lang.Object, java.lang.Object, java.lang.Object, java.lang.Object, java.lang.Object, java.lang.Object, java.lang.Object, java.lang.Object, java.lang.O
Event: 104.088 Thread 0x0000020d1387cdd0 Exception <a 'java/lang/NoSuchMethodError'{0x0000000604eb1f00}: 'java.lang.Object java.lang.invoke.DirectMethodHandle$Holder.invokeStatic(java.lang.Object, java.lang.Object, java.lang.Object, java.lang.Object, java.lang.Object, java.lang.Object, java.lang.Object, java.lang.Object, java.lang.Object, java.lang.Object, java.lang.Object, java.lang.Object, java.lang.Object, java.lang.Object, java.lang.Object, java.lang.Object, java.lang.Object, java.lang.Object, java.lang.Object, java.lang.Object, java.lang.Obj
Event: 104.092 Thread 0x0000020d1387cdd0 Exception <a 'java/lang/NoSuchMethodError'{0x0000000604eea6e8}: 'java.lang.Object java.lang.invoke.DirectMethodHandle$Holder.invokeStatic(java.lang.Object, java.lang.Object, java.lang.Object, java.lang.Object, java.lang.Object, java.lang.Object, java.lang.Object, java.lang.Object, java.lang.Object, java.lang.Object, java.lang.Object, java.lang.Object, java.lang.Object, java.lang.Object, java.lang.Object, java.lang.Object, java.lang.Object, java.lang.Object, java.lang.Object, java.lang.Object, java.lang.Obj
Event: 104.095 Thread 0x0000020d1387cdd0 Exception <a 'java/lang/NoSuchMethodError'{0x0000000604f26218}: 'java.lang.Object java.lang.invoke.DirectMethodHandle$Holder.invokeStatic(java.lang.Object, java.lang.Object, java.lang.Object, java.lang.Object, java.lang.Object, java.lang.Object, java.lang.Object, java.lang.Object, java.lang.Object, java.lang.Object, java.lang.Object, java.lang.Object, java.lang.Object, java.lang.Object, java.lang.Object, java.lang.Object, java.lang.Object, java.lang.Object, java.lang.Object, java.lang.Object, java.lang.Obj
Event: 104.099 Thread 0x0000020d1387cdd0 Exception <a 'java/lang/NoSuchMethodError'{0x0000000604f638e8}: 'java.lang.Object java.lang.invoke.DirectMethodHandle$Holder.invokeStatic(java.lang.Object, java.lang.Object, java.lang.Object, java.lang.Object, java.lang.Object, java.lang.Object, java.lang.Object, java.lang.Object, java.lang.Object, java.lang.Object, java.lang.Object, java.lang.Object, java.lang.Object, java.lang.Object, java.lang.Object, java.lang.Object, java.lang.Object, java.lang.Object, java.lang.Object, java.lang.Object, java.lang.Obj
Event: 104.249 Thread 0x0000020d1387cdd0 Exception <a 'java/lang/NoSuchMethodError'{0x0000000604a014a0}: 'java.lang.Object java.lang.invoke.DirectMethodHandle$Holder.newInvokeSpecial(java.lang.Object, java.lang.Object, java.lang.Object, java.lang.Object, java.lang.Object, java.lang.Object, java.lang.Object, java.lang.Object, java.lang.Object)'> (0x0000000604a014a0) 
thrown [s\src\hotspot\share\interpreter\linkResolver.cpp, line 773]
Event: 108.189 Thread 0x0000020d1387cdd0 Exception <a 'java/lang/IncompatibleClassChangeError'{0x000000060453e6b8}: Found class java.lang.Object, but interface was expected> (0x000000060453e6b8) 
thrown [s\src\hotspot\share\interpreter\linkResolver.cpp, line 840]
Event: 109.518 Thread 0x0000020d1387cdd0 Exception <a 'java/lang/NoSuchMethodError'{0x0000000604633460}: 'java.lang.Object java.lang.invoke.DirectMethodHandle$Holder.newInvokeSpecial(java.lang.Object, java.lang.Object, long)'> (0x0000000604633460) 
thrown [s\src\hotspot\share\interpreter\linkResolver.cpp, line 773]
Event: 109.518 Thread 0x0000020d1387cdd0 Exception <a 'java/lang/NoSuchMethodError'{0x0000000604637a48}: 'java.lang.Object java.lang.invoke.Invokers$Holder.linkToTargetMethod(java.lang.Object, long, java.lang.Object)'> (0x0000000604637a48) 
thrown [s\src\hotspot\share\interpreter\linkResolver.cpp, line 773]
Event: 109.605 Thread 0x0000020d1387e180 Implicit null exception at 0x0000020caff1cd61 to 0x0000020caff1d3e8
Event: 109.605 Thread 0x0000020d1387e180 Implicit null exception at 0x0000020caff181cf to 0x0000020caff18574
Event: 109.777 Thread 0x0000020d1387e180 Implicit null exception at 0x0000020caff23e2f to 0x0000020caff24598
Event: 110.200 Thread 0x0000020d1387cdd0 Exception <a 'java/lang/NoSuchMethodError'{0x00000006040ff1c8}: 'int java.lang.invoke.DirectMethodHandle$Holder.invokeInterface(java.lang.Object, java.lang.Object)'> (0x00000006040ff1c8) 
thrown [s\src\hotspot\share\interpreter\linkResolver.cpp, line 773]
Event: 110.237 Thread 0x0000020d1387cdd0 Exception <a 'java/lang/NoSuchMethodError'{0x00000006041806a8}: 'java.lang.Object java.lang.invoke.DirectMethodHandle$Holder.invokeVirtual(java.lang.Object, java.lang.Object, int)'> (0x00000006041806a8) 
thrown [s\src\hotspot\share\interpreter\linkResolver.cpp, line 773]
Event: 114.044 Thread 0x0000020d1387cdd0 Exception <a 'java/lang/NoSuchMethodError'{0x00000006042764b8}: 'java.lang.Object java.lang.invoke.DirectMethodHandle$Holder.invokeStatic(java.lang.Object, java.lang.Object, int, java.lang.Object)'> (0x00000006042764b8) 
thrown [s\src\hotspot\share\interpreter\linkResolver.cpp, line 773]
Event: 114.045 Thread 0x0000020d1387cdd0 Exception <a 'java/lang/NoSuchMethodError'{0x000000060427d8a0}: 'java.lang.Object java.lang.invoke.DirectMethodHandle$Holder.newInvokeSpecial(java.lang.Object, java.lang.Object, int, java.lang.Object)'> (0x000000060427d8a0) 
thrown [s\src\hotspot\share\interpreter\linkResolver.cpp, line 773]
Event: 114.045 Thread 0x0000020d1387cdd0 Exception <a 'java/lang/NoSuchMethodError'{0x0000000604281fc8}: 'java.lang.Object java.lang.invoke.DirectMethodHandle$Holder.invokeSpecial(java.lang.Object, java.lang.Object, java.lang.Object, int, java.lang.Object)'> (0x0000000604281fc8) 
thrown [s\src\hotspot\share\interpreter\linkResolver.cpp, line 773]

ZGC Phase Switch (0 events):
No events

VM Operations (20 events):
Event: 108.197 Executing non-safepoint VM operation: HandshakeAllThreads (Deoptimize)
Event: 108.197 Executing non-safepoint VM operation: HandshakeAllThreads (Deoptimize) done
Event: 109.211 Executing safepoint VM operation: Cleanup
Event: 109.211 Executing safepoint VM operation: Cleanup done
Event: 109.593 Executing non-safepoint VM operation: HandshakeAllThreads (Deoptimize)
Event: 109.594 Executing non-safepoint VM operation: HandshakeAllThreads (Deoptimize) done
Event: 109.599 Executing non-safepoint VM operation: HandshakeAllThreads (Deoptimize)
Event: 109.599 Executing non-safepoint VM operation: HandshakeAllThreads (Deoptimize) done
Event: 110.607 Executing safepoint VM operation: Cleanup
Event: 110.607 Executing safepoint VM operation: Cleanup done
Event: 112.643 Executing safepoint VM operation: Cleanup
Event: 112.643 Executing safepoint VM operation: Cleanup done
Event: 114.665 Executing safepoint VM operation: Cleanup
Event: 115.308 Executing safepoint VM operation: Cleanup done
Event: 117.341 Executing safepoint VM operation: Cleanup
Event: 117.342 Executing safepoint VM operation: Cleanup done
Event: 120.396 Executing non-safepoint VM operation: HandshakeAllThreads (HandshakeForDeflation)
Event: 121.517 Executing non-safepoint VM operation: HandshakeAllThreads (HandshakeForDeflation) done
Event: 121.517 Executing non-safepoint VM operation: RendezvousGCThreads
Event: 121.517 Executing non-safepoint VM operation: RendezvousGCThreads done

Memory protections (0 events):
No events

Nmethod flushes (0 events):
No events

Events (20 events):
Event: 55.965 Thread 0x0000020d1387cdd0 Thread added: 0x0000020d1387d460
Event: 55.986 Thread 0x0000020d1387cdd0 Thread added: 0x0000020d1387eea0
Event: 56.006 Thread 0x0000020d1387cdd0 Thread added: 0x0000020d1387daf0
Event: 57.943 Thread 0x0000020d1387cdd0 Thread added: 0x0000020d1387e180
Event: 58.014 Thread 0x0000020d1387cdd0 Thread added: 0x0000020d1387e810
Event: 58.988 Thread 0x0000020d1387e810 Thread added: 0x0000020d1387f530
Event: 59.180 Thread 0x0000020d1387cdd0 Thread added: 0x0000020d1387c0b0
Event: 79.786 Thread 0x0000020ccd587560 Thread added: 0x0000020d14e408d0
Event: 92.232 Thread 0x0000020d14e408d0 Thread exited: 0x0000020d14e408d0
Event: 97.041 Thread 0x0000020ccd587560 Thread added: 0x0000020d14a1e3d0
Event: 97.170 Thread 0x0000020d1387cdd0 Thread added: 0x0000020d1532b710
Event: 97.245 Thread 0x0000020d1387cdd0 Thread added: 0x0000020d15329cd0
Event: 99.419 Thread 0x0000020d14a1e3d0 Thread exited: 0x0000020d14a1e3d0
Event: 99.964 Thread 0x0000020d1387cdd0 Thread added: 0x0000020d15329640
Event: 99.983 Thread 0x0000020d1387cdd0 Thread added: 0x0000020d15328290
Event: 100.783 Thread 0x0000020d1387cdd0 Thread added: 0x0000020d1532bda0
Event: 101.073 Thread 0x0000020d1387cdd0 Thread added: 0x0000020d15328920
Event: 102.570 Thread 0x0000020d1387cdd0 Thread added: 0x0000020d1532c430
Event: 103.965 Thread 0x0000020d1387cdd0 Thread added: 0x0000020d15328fb0
Event: 114.048 Thread 0x0000020d1387cdd0 Thread added: 0x0000020d1532d150


Dynamic libraries:
0x00007ff66a4e0000 - 0x00007ff66a4ee000 	C:\Users\JESUS\.vscode\extensions\redhat.java-1.56.0-win32-x64\jre\21.0.12.1-win32-x86_64\bin\java.exe
0x00007ffd319a0000 - 0x00007ffd31c07000 	C:\WINDOWS\SYSTEM32\ntdll.dll
0x00007ffd30ba0000 - 0x00007ffd30c6b000 	C:\WINDOWS\System32\KERNEL32.DLL
0x00007ffd2ef50000 - 0x00007ffd2f352000 	C:\WINDOWS\System32\KERNELBASE.dll
0x00007ffd2edf0000 - 0x00007ffd2ef3c000 	C:\WINDOWS\System32\ucrtbase.dll
0x00007ffd1f170000 - 0x00007ffd1f188000 	C:\Users\JESUS\.vscode\extensions\redhat.java-1.56.0-win32-x64\jre\21.0.12.1-win32-x86_64\bin\jli.dll
0x00007ffd2f6c0000 - 0x00007ffd2f88f000 	C:\WINDOWS\System32\USER32.dll
0x00007ffd2f690000 - 0x00007ffd2f6b7000 	C:\WINDOWS\System32\win32u.dll
0x00007ffd31930000 - 0x00007ffd3195b000 	C:\WINDOWS\System32\GDI32.dll
0x00007ffd2f4d0000 - 0x00007ffd2f5f9000 	C:\WINDOWS\System32\gdi32full.dll
0x00007ffd2f420000 - 0x00007ffd2f4c3000 	C:\WINDOWS\System32\msvcp_win.dll
0x00007ffd29860000 - 0x00007ffd2987e000 	C:\Users\JESUS\.vscode\extensions\redhat.java-1.56.0-win32-x64\jre\21.0.12.1-win32-x86_64\bin\VCRUNTIME140.dll
0x00007ffd1d8e0000 - 0x00007ffd1db70000 	C:\WINDOWS\WinSxS\amd64_microsoft.windows.common-controls_6595b64144ccf1df_6.0.26100.9278_none_3e0d1ba8e3303201\COMCTL32.dll
0x00007ffd30f80000 - 0x00007ffd31029000 	C:\WINDOWS\System32\msvcrt.dll
0x00007ffd30c70000 - 0x00007ffd30ca1000 	C:\WINDOWS\System32\IMM32.DLL
0x00007ffd27100000 - 0x00007ffd2710c000 	C:\Users\JESUS\.vscode\extensions\redhat.java-1.56.0-win32-x64\jre\21.0.12.1-win32-x86_64\bin\vcruntime140_1.dll
0x00007ffce2f00000 - 0x00007ffce2f8d000 	C:\Users\JESUS\.vscode\extensions\redhat.java-1.56.0-win32-x64\jre\21.0.12.1-win32-x86_64\bin\msvcp140.dll
0x00007ffc92a40000 - 0x00007ffc937e2000 	C:\Users\JESUS\.vscode\extensions\redhat.java-1.56.0-win32-x64\jre\21.0.12.1-win32-x86_64\bin\server\jvm.dll
0x00007ffd31860000 - 0x00007ffd3191c000 	C:\WINDOWS\System32\ADVAPI32.dll
0x00007ffd30ed0000 - 0x00007ffd30f79000 	C:\WINDOWS\System32\sechost.dll
0x00007ffd30db0000 - 0x00007ffd30ec8000 	C:\WINDOWS\System32\RPCRT4.dll
0x00007ffd31030000 - 0x00007ffd310b0000 	C:\WINDOWS\System32\WS2_32.dll
0x00007ffd2ea00000 - 0x00007ffd2ea5e000 	C:\WINDOWS\SYSTEM32\POWRPROF.dll
0x00007ffd27540000 - 0x00007ffd27576000 	C:\WINDOWS\SYSTEM32\WINMM.dll
0x00007ffd27580000 - 0x00007ffd2758b000 	C:\WINDOWS\SYSTEM32\VERSION.dll
0x00007ffd2e9e0000 - 0x00007ffd2e9f5000 	C:\WINDOWS\SYSTEM32\UMPDC.dll
0x00007ffd2d870000 - 0x00007ffd2d88b000 	C:\WINDOWS\SYSTEM32\kernel.appcore.dll
0x00007ffd1e760000 - 0x00007ffd1e76a000 	C:\Users\JESUS\.vscode\extensions\redhat.java-1.56.0-win32-x64\jre\21.0.12.1-win32-x86_64\bin\jimage.dll
0x00007ffd21bc0000 - 0x00007ffd21e0c000 	C:\WINDOWS\SYSTEM32\DBGHELP.DLL
0x00007ffd31270000 - 0x00007ffd315f5000 	C:\WINDOWS\System32\combase.dll
0x00007ffd30cc0000 - 0x00007ffd30d99000 	C:\WINDOWS\System32\OLEAUT32.dll
0x00007ffd29800000 - 0x00007ffd2983b000 	C:\WINDOWS\SYSTEM32\dbgcore.DLL
0x00007ffd2f360000 - 0x00007ffd2f40c000 	C:\WINDOWS\System32\bcryptPrimitives.dll
0x00007ffd1e750000 - 0x00007ffd1e75f000 	C:\Users\JESUS\.vscode\extensions\redhat.java-1.56.0-win32-x64\jre\21.0.12.1-win32-x86_64\bin\instrument.dll
0x00007ffd1bf00000 - 0x00007ffd1bf20000 	C:\Users\JESUS\.vscode\extensions\redhat.java-1.56.0-win32-x64\jre\21.0.12.1-win32-x86_64\bin\java.dll
0x00007ffd30210000 - 0x00007ffd309a8000 	C:\WINDOWS\System32\SHELL32.dll
0x00007ffd2c600000 - 0x00007ffd2ceae000 	C:\WINDOWS\SYSTEM32\windows.storage.dll
0x00007ffd2f8a0000 - 0x00007ffd2f99b000 	C:\WINDOWS\System32\SHCORE.dll
0x00007ffd2fc50000 - 0x00007ffd2fcb6000 	C:\WINDOWS\System32\shlwapi.dll
0x00007ffd2eac0000 - 0x00007ffd2eae9000 	C:\WINDOWS\SYSTEM32\profapi.dll
0x00007ffd1bee0000 - 0x00007ffd1bef8000 	C:\Users\JESUS\.vscode\extensions\redhat.java-1.56.0-win32-x64\jre\21.0.12.1-win32-x86_64\bin\zip.dll
0x00007ffd1be90000 - 0x00007ffd1bea0000 	C:\Users\JESUS\.vscode\extensions\redhat.java-1.56.0-win32-x64\jre\21.0.12.1-win32-x86_64\bin\net.dll
0x00007ffd27360000 - 0x00007ffd2748a000 	C:\WINDOWS\SYSTEM32\WINHTTP.dll
0x00007ffd2de30000 - 0x00007ffd2de9c000 	C:\WINDOWS\system32\mswsock.dll
0x00007ffd0a150000 - 0x00007ffd0a166000 	C:\Users\JESUS\.vscode\extensions\redhat.java-1.56.0-win32-x64\jre\21.0.12.1-win32-x86_64\bin\nio.dll
0x00007ffd0a0a0000 - 0x00007ffd0a0b0000 	C:\Users\JESUS\.vscode\extensions\redhat.java-1.56.0-win32-x64\jre\21.0.12.1-win32-x86_64\bin\verify.dll
0x00007ffcf72e0000 - 0x00007ffcf7307000 	C:\Users\JESUS\.gradle\native\660c5614fbf4a5f2a75b1949f50a0caf5cd603558e7d8a26e50b933a0cfb79d1\windows-amd64\native-platform.dll
0x00007ffce1720000 - 0x00007ffce1797000 	C:\Users\JESUS\.gradle\native\0.2.8\x86_64-windows-gnu\gradle-fileevents.dll
0x00007ffd24ab0000 - 0x00007ffd24aba000 	C:\Users\JESUS\.vscode\extensions\redhat.java-1.56.0-win32-x64\jre\21.0.12.1-win32-x86_64\bin\management.dll
0x00007ffd0a090000 - 0x00007ffd0a09c000 	C:\Users\JESUS\.vscode\extensions\redhat.java-1.56.0-win32-x64\jre\21.0.12.1-win32-x86_64\bin\management_ext.dll
0x00007ffd30cb0000 - 0x00007ffd30cb8000 	C:\WINDOWS\System32\PSAPI.DLL
0x00007ffd2d220000 - 0x00007ffd2d253000 	C:\WINDOWS\SYSTEM32\IPHLPAPI.DLL
0x00007ffd31260000 - 0x00007ffd3126a000 	C:\WINDOWS\System32\NSI.dll
0x00007ffd1bf30000 - 0x00007ffd1bf39000 	C:\Users\JESUS\.vscode\extensions\redhat.java-1.56.0-win32-x64\jre\21.0.12.1-win32-x86_64\bin\extnet.dll
0x00007ffd2e120000 - 0x00007ffd2e13b000 	C:\WINDOWS\SYSTEM32\CRYPTSP.dll
0x00007ffd2d7d0000 - 0x00007ffd2d809000 	C:\WINDOWS\system32\rsaenh.dll
0x00007ffd2dee0000 - 0x00007ffd2df14000 	C:\WINDOWS\SYSTEM32\USERENV.dll
0x00007ffd2ea90000 - 0x00007ffd2eaba000 	C:\WINDOWS\SYSTEM32\bcrypt.dll
0x00007ffd2e140000 - 0x00007ffd2e14c000 	C:\WINDOWS\SYSTEM32\CRYPTBASE.dll
0x00007ffd1bf40000 - 0x00007ffd1bf4e000 	C:\Users\JESUS\.vscode\extensions\redhat.java-1.56.0-win32-x64\jre\21.0.12.1-win32-x86_64\bin\sunmscapi.dll
0x00007ffd2eba0000 - 0x00007ffd2ed1e000 	C:\WINDOWS\System32\CRYPT32.dll
0x00007ffd2e360000 - 0x00007ffd2e390000 	C:\WINDOWS\SYSTEM32\ncrypt.dll
0x00007ffd2e310000 - 0x00007ffd2e34f000 	C:\WINDOWS\SYSTEM32\NTASN1.dll
0x00007ffd2b970000 - 0x00007ffd2b978000 	C:\WINDOWS\system32\wshunix.dll

JVMTI agents:
C:\Users\JESUS\.gradle\wrapper\dists\gradle-9.3.1-all\9ot9r568e8zfvvd4mn8rbu1j0\gradle-9.3.1\lib\agents\gradle-instrumentation-agent-9.3.1.jar path:C:\Users\JESUS\.vscode\extensions\redhat.java-1.56.0-win32-x64\jre\21.0.12.1-win32-x86_64\bin\instrument.dll, loaded, initialized, instrumentlib options:none

dbghelp: loaded successfully - version: 4.0.5 - missing functions: none
symbol engine: initialized successfully - sym options: 0x614 - pdb path: .;C:\Users\JESUS\.vscode\extensions\redhat.java-1.56.0-win32-x64\jre\21.0.12.1-win32-x86_64\bin;C:\WINDOWS\SYSTEM32;C:\WINDOWS\WinSxS\amd64_microsoft.windows.common-controls_6595b64144ccf1df_6.0.26100.9278_none_3e0d1ba8e3303201;C:\Users\JESUS\.vscode\extensions\redhat.java-1.56.0-win32-x64\jre\21.0.12.1-win32-x86_64\bin\server;C:\Users\JESUS\.gradle\native\660c5614fbf4a5f2a75b1949f50a0caf5cd603558e7d8a26e50b933a0cfb79d1\windows-amd64;C:\Users\JESUS\.gradle\native\0.2.8\x86_64-windows-gnu

VM Arguments:
jvm_args: --add-opens=java.base/java.lang=ALL-UNNAMED --add-opens=java.base/java.lang.invoke=ALL-UNNAMED --add-opens=java.base/java.util=ALL-UNNAMED --add-opens=java.prefs/java.util.prefs=ALL-UNNAMED --add-exports=jdk.compiler/com.sun.tools.javac.api=ALL-UNNAMED --add-exports=jdk.compiler/com.sun.tools.javac.util=ALL-UNNAMED --add-opens=java.base/java.util=ALL-UNNAMED --add-opens=java.prefs/java.util.prefs=ALL-UNNAMED --add-opens=java.base/java.nio.charset=ALL-UNNAMED --add-opens=java.base/java.net=ALL-UNNAMED --add-opens=java.base/java.util.concurrent=ALL-UNNAMED --add-opens=java.base/java.util.concurrent.atomic=ALL-UNNAMED --add-opens=java.xml/javax.xml.namespace=ALL-UNNAMED --add-opens=java.base/java.time=ALL-UNNAMED -XX:MaxMetaspaceSize=4G -XX:ReservedCodeCacheSize=512m -XX:+HeapDumpOnOutOfMemoryError -Xmx8G -Dfile.encoding=UTF-8 -Duser.country=PE -Duser.language=es -Duser.variant -javaagent:C:\Users\JESUS\.gradle\wrapper\dists\gradle-9.3.1-all\9ot9r568e8zfvvd4mn8rbu1j0\gradle-9.3.1\lib\agents\gradle-instrumentation-agent-9.3.1.jar 
java_command: org.gradle.launcher.daemon.bootstrap.GradleDaemon 9.3.1
java_class_path (initial): C:\Users\JESUS\.gradle\wrapper\dists\gradle-9.3.1-all\9ot9r568e8zfvvd4mn8rbu1j0\gradle-9.3.1\lib\gradle-daemon-main-9.3.1.jar
Launcher Type: SUN_STANDARD

[Global flags]
     intx CICompilerCount                          = 12                                        {product} {ergonomic}
     uint ConcGCThreads                            = 3                                         {product} {ergonomic}
     uint G1ConcRefinementThreads                  = 13                                        {product} {ergonomic}
   size_t G1HeapRegionSize                         = 4194304                                   {product} {ergonomic}
    uintx GCDrainStackTargetSize                   = 64                                        {product} {ergonomic}
     bool HeapDumpOnOutOfMemoryError               = true                                   {manageable} {command line}
   size_t InitialHeapSize                          = 260046848                                 {product} {ergonomic}
   size_t MarkStackSize                            = 4194304                                   {product} {ergonomic}
   size_t MaxHeapSize                              = 8589934592                                {product} {command line}
   size_t MaxMetaspaceSize                         = 4294967296                                {product} {command line}
   size_t MaxNewSize                               = 5150605312                                {product} {ergonomic}
   size_t MinHeapDeltaBytes                        = 4194304                                   {product} {ergonomic}
   size_t MinHeapSize                              = 8388608                                   {product} {ergonomic}
    uintx NonNMethodCodeHeapSize                   = 7602480                                {pd product} {ergonomic}
    uintx NonProfiledCodeHeapSize                  = 264634216                              {pd product} {ergonomic}
    uintx ProfiledCodeHeapSize                     = 264634216                              {pd product} {ergonomic}
    uintx ReservedCodeCacheSize                    = 536870912                              {pd product} {command line}
     bool SegmentedCodeCache                       = true                                      {product} {ergonomic}
   size_t SoftMaxHeapSize                          = 8589934592                             {manageable} {ergonomic}
     bool UseCompressedOops                        = true                           {product lp64_product} {ergonomic}
     bool UseG1GC                                  = true                                      {product} {ergonomic}
     bool UseLargePagesIndividualAllocation        = false                                  {pd product} {ergonomic}

Logging:
Log output configuration:
 #0: stdout all=warning uptime,level,tags foldmultilines=false
 #1: stderr all=off uptime,level,tags foldmultilines=false

Release file:
JAVA_VERSION="21.0.12.1" 
MODULES="java.base java.compiler java.datatransfer java.xml java.prefs java.desktop java.instrument java.logging java.management java.security.sasl java.naming java.rmi java.management.rmi java.net.http java.scripting java.security.jgss java.transaction.xa java.sql java.sql.rowset java.xml.crypto java.se java.smartcardio jdk.accessibility jdk.internal.jvmstat jdk.attach jdk.charsets jdk.internal.opt jdk.zipfs jdk.compiler jdk.crypto.ec jdk.crypto.cryptoki jdk.crypto.mscapi jdk.dynalink jdk.internal.ed jdk.editpad jdk.hotspot.agent jdk.httpserver jdk.internal.le jdk.internal.vm.ci jdk.internal.vm.compiler jdk.internal.vm.compiler.management jdk.jartool jdk.javadoc jdk.jcmd jdk.management jdk.management.agent jdk.jconsole jdk.jdeps jdk.jdwp.agent jdk.jdi jdk.jfr jdk.jshell jdk.jsobject jdk.jstatd jdk.localedata jdk.management.jfr jdk.naming.dns jdk.naming.rmi jdk.net jdk.nio.mapmode jdk.random jdk.sctp jdk.security.auth jdk.security.jgss jdk.unsupported jdk.unsupported.desktop jdk.xml.dom" 

Environment Variables:
PATH=C:\Users\JESUS\Downloads\flutter_windows_3.47.1-stable\flutter;C:\Program Files (x86)\Common Files\Oracle\Java\java8path;C:\Program Files (x86)\Common Files\Oracle\Java\javapath;C:\WINDOWS\system32;C:\WINDOWS;C:\WINDOWS\System32\Wbem;C:\WINDOWS\System32\WindowsPowerShell\v1.0\;C:\WINDOWS\System32\OpenSSH\;C:\flutter;C:\xampp\php;C:\ProgramData\ComposerSetup\bin;C:\Program Files\nodejs\;C:\Program Files\Git\cmd;C:\Users\JESUS\AppData\Local\agy\bin;C:\Users\JESUS\Downloads\flutter_windows_3.47.1-stable\flutter;C:\Program Files (x86)\Common Files\Oracle\Java\java8path;C:\Program Files (x86)\Common Files\Oracle\Java\javapath;C:\WINDOWS\system32;C:\WINDOWS;C:\WINDOWS\System32\Wbem;C:\WINDOWS\System32\WindowsPowerShell\v1.0\;C:\WINDOWS\System32\OpenSSH\;C:\flutter;C:\xampp\php;C:\ProgramData\ComposerSetup\bin;C:\Program Files\nodejs\;C:\Program Files\Git\cmd;C:\Users\JESUS\Downloads\flutter_windows_3.47.1-stable\flutter\bin;C:\Users\JESUS\AppData\Roaming\Composer\vendor\bin;C:\Users\JESUS\AppData\Local\GitHubDesktop\bin;C:\Users\JESUS\AppData\Local\Programs\Microsoft VS Code\bin;C:\Users\JESUS\AppData\Local\Android\Sdk\platform-tools;C:\Users\JESUS\AppData\Local\Android\Sdk\emulator
USERNAME=JESUS
OS=Windows_NT
PROCESSOR_IDENTIFIER=AMD64 Family 25 Model 80 Stepping 0, AuthenticAMD
TMP=C:\Users\JESUS\AppData\Local\Temp
TEMP=C:\Users\JESUS\AppData\Local\Temp




Periodic native trim disabled

---------------  S Y S T E M  ---------------

OS:
 Windows 11 , 64 bit Build 26100 (10.0.26100.9444)
OS uptime: 1 days 3:15 hours
Hyper-V role detected

CPU: total 16 (initial active 16) (16 cores per cpu, 2 threads per core) family 25 model 80 stepping 0 microcode 0xa500014, cx8, cmov, fxsr, ht, mmx, 3dnowpref, sse, sse2, sse3, ssse3, sse4a, sse4.1, sse4.2, popcnt, lzcnt, tsc, tscinvbit, avx, avx2, aes, erms, clmul, bmi1, bmi2, adx, sha, fma, vzeroupper, clflush, clflushopt, hv, rdtscp, rdpid, fsrm, f16c, cet_ss
Processor Information for the first 16 processors :
  Max Mhz: 2000, Current Mhz: 1890, Mhz Limit: 2000

Memory: 4k page, system-wide physical 15711M (289M free)
TotalPageFile size 64863M (AvailPageFile size 533M)
current process WorkingSet (physical memory assigned to process): 48M, peak: 191M
current process commit charge ("private bytes"): 279M, peak: 423M

vm_info: OpenJDK 64-Bit Server VM (21.0.12.1+1-LTS) for windows-amd64 JRE (21.0.12.1+1-LTS), built on 2026-08-18T00:00:00Z by "admin" with MS VC++ 17.12 (VS2022)

END.
